69.206.188.143 - - [29/Apr/2022:02:00:13 +0000] "GET / HTTP/1.1" 200 3382 "https://thelostarchive.cf/bts" "Mozilla/5.0 (Windows NT 10.0; Win64; x64; rv:99.0) Gecko/20100101 Firefox/99.0"
69.206.188.143 - - [29/Apr/2022:02:00:21 +0000] "GET /person/salematkins HTTP/1.1" 200 2996 "https://thelostarchive.cf/people" "Mozilla/5.0 (Windows NT 10.0; Win64; x64; rv:99.0) Gecko/20100101 Firefox/99.0"
208.115.199.26 - - [29/Apr/2022:02:04:12 +0000] "HEAD / HTTP/1.1" 200 0 "https://thelostarchive.cf" "Mozilla/5.0+(compatible; UptimeRobot/2.0; http://www.uptimerobot.com/)"
69.206.188.143 - - [29/Apr/2022:02:05:51 +0000] "GET /person/salematkins HTTP/1.1" 200 2996 "https://thelostarchive.cf/people" "Mozilla/5.0 (Windows NT 10.0; Win64; x64; rv:99.0) Gecko/20100101 Firefox/99.0"
208.115.199.26 - - [29/Apr/2022:02:09:12 +0000] "HEAD / HTTP/1.1" 200 0 "https://thelostarchive.cf" "Mozilla/5.0+(compatible; UptimeRobot/2.0; http://www.uptimerobot.com/)"
66.249.66.159 - - [29/Apr/2022:02:09:20 +0000] "GET /about HTTP/1.1" 200 3269 "-" "Mozilla/5.0 (Linux; Android 6.0.1; Nexus 5X Build/MMB29P) AppleWebKit/537.36 (KHTML, like Gecko) Chrome/100.0.4896.127 Mobile Safari/537.36 (compatible; Googlebot/2.1; +http://www.google.com/bot.html)"
69.206.188.143 - - [29/Apr/2022:02:09:50 +0000] "GET /person/brycecasamento HTTP/1.1" 200 3157 "https://thelostarchive.cf/people" "Mozilla/5.0 (Windows NT 10.0; Win64; x64; rv:99.0) Gecko/20100101 Firefox/99.0"
69.206.188.143 - - [29/Apr/2022:02:10:11 +0000] "GET /person/benjaminboucvault HTTP/1.1" 200 2741 "https://thelostarchive.cf/people" "Mozilla/5.0 (Windows NT 10.0; Win64; x64; rv:99.0) Gecko/20100101 Firefox/99.0"
205.210.31.3 - - [29/Apr/2022:02:11:06 +0000] "GET / HTTP/1.1" 200 3382 "-" "Expanse, a Palo Alto Networks company, searches across the global IPv4 space multiple times per day to identify customers&#39; presences on the Internet. If you would like to be excluded from our scans, please send IP addresses/domains to: scaninfo@paloaltonetworks.com"
69.206.188.143 - - [29/Apr/2022:02:11:42 +0000] "GET / HTTP/1.1" 200 3382 "https://thelostarchive.cf/person/benjaminboucvault" "Mozilla/5.0 (Windows NT 10.0; Win64; x64; rv:99.0) Gecko/20100101 Firefox/99.0"
69.206.188.143 - - [29/Apr/2022:02:11:42 +0000] "GET /static/css/style.css HTTP/1.1" 304 0 "https://thelostarchive.cf/" "Mozilla/5.0 (Windows NT 10.0; Win64; x64; rv:99.0) Gecko/20100101 Firefox/99.0"
69.206.188.143 - - [29/Apr/2022:02:13:35 +0000] "GET /person/benjaminboucvault HTTP/1.1" 200 2886 "https://thelostarchive.cf/people" "Mozilla/5.0 (Windows NT 10.0; Win64; x64; rv:99.0) Gecko/20100101 Firefox/99.0"
208.115.199.26 - - [29/Apr/2022:02:14:12 +0000] "HEAD / HTTP/1.1" 200 0 "https://thelostarchive.cf" "Mozilla/5.0+(compatible; UptimeRobot/2.0; http://www.uptimerobot.com/)"
208.115.199.26 - - [29/Apr/2022:02:19:12 +0000] "HEAD / HTTP/1.1" 200 0 "https://thelostarchive.cf" "Mozilla/5.0+(compatible; UptimeRobot/2.0; http://www.uptimerobot.com/)"
208.115.199.26 - - [29/Apr/2022:02:24:12 +0000] "HEAD / HTTP/1.1" 200 0 "https://thelostarchive.cf" "Mozilla/5.0+(compatible; UptimeRobot/2.0; http://www.uptimerobot.com/)"
69.206.188.143 - - [29/Apr/2022:02:29:06 +0000] "GET / HTTP/1.1" 200 3382 "https://thelostarchive.cf/person/benjaminboucvault" "Mozilla/5.0 (Windows NT 10.0; Win64; x64; rv:99.0) Gecko/20100101 Firefox/99.0"
69.206.188.143 - - [29/Apr/2022:02:29:09 +0000] "GET /about HTTP/1.1" 200 3269 "https://thelostarchive.cf/" "Mozilla/5.0 (Windows NT 10.0; Win64; x64; rv:99.0) Gecko/20100101 Firefox/99.0"
208.115.199.26 - - [29/Apr/2022:02:29:12 +0000] "HEAD / HTTP/1.1" 200 0 "https://thelostarchive.cf" "Mozilla/5.0+(compatible; UptimeRobot/2.0; http://www.uptimerobot.com/)"
208.115.199.26 - - [29/Apr/2022:02:34:12 +0000] "HEAD / HTTP/1.1" 200 0 "https://thelostarchive.cf" "Mozilla/5.0+(compatible; UptimeRobot/2.0; http://www.uptimerobot.com/)"
208.115.199.26 - - [29/Apr/2022:02:39:12 +0000] "HEAD / HTTP/1.1" 200 0 "https://thelostarchive.cf" "Mozilla/5.0+(compatible; UptimeRobot/2.0; http://www.uptimerobot.com/)"
130.211.54.158 - - [29/Apr/2022:02:41:58 +0000] "GET / HTTP/1.1" 200 3382 "-" "python-requests/2.27.1"
208.115.199.26 - - [29/Apr/2022:02:44:12 +0000] "HEAD / HTTP/1.1" 200 0 "https://thelostarchive.cf" "Mozilla/5.0+(compatible; UptimeRobot/2.0; http://www.uptimerobot.com/)"
208.115.199.26 - - [29/Apr/2022:02:49:12 +0000] "HEAD / HTTP/1.1" 200 0 "https://thelostarchive.cf" "Mozilla/5.0+(compatible; UptimeRobot/2.0; http://www.uptimerobot.com/)"
192.241.208.53 - - [29/Apr/2022:02:50:30 +0000] "GET /owa/auth/x.js HTTP/1.1" 404 2568 "-" "Mozilla/5.0 zgrab/0.x"
192.241.220.24 - - [29/Apr/2022:02:51:54 +0000] "GET /owa/auth/logon.aspx HTTP/1.1" 404 2568 "-" "Mozilla/5.0 zgrab/0.x"
208.115.199.26 - - [29/Apr/2022:02:54:12 +0000] "HEAD / HTTP/1.1" 200 0 "https://thelostarchive.cf" "Mozilla/5.0+(compatible; UptimeRobot/2.0; http://www.uptimerobot.com/)"
208.115.199.26 - - [29/Apr/2022:02:59:12 +0000] "HEAD / HTTP/1.1" 200 0 "https://thelostarchive.cf" "Mozilla/5.0+(compatible; UptimeRobot/2.0; http://www.uptimerobot.com/)"
192.241.213.19 - - [29/Apr/2022:03:02:21 +0000] "GET /ecp/Current/exporttool/microsoft.exchange.ediscovery.exporttool.application HTTP/1.1" 404 2568 "-" "Mozilla/5.0 zgrab/0.x"
66.249.66.156 - - [29/Apr/2022:03:02:54 +0000] "GET /person/brycecasamento HTTP/1.1" 200 3157 "-" "Mozilla/5.0 (Linux; Android 6.0.1; Nexus 5X Build/MMB29P) AppleWebKit/537.36 (KHTML, like Gecko) Chrome/100.0.4896.127 Mobile Safari/537.36 (compatible; Googlebot/2.1; +http://www.google.com/bot.html)"
208.115.199.26 - - [29/Apr/2022:03:04:12 +0000] "HEAD / HTTP/1.1" 200 0 "https://thelostarchive.cf" "Mozilla/5.0+(compatible; UptimeRobot/2.0; http://www.uptimerobot.com/)"
208.115.199.26 - - [29/Apr/2022:03:09:12 +0000] "HEAD / HTTP/1.1" 200 0 "https://thelostarchive.cf" "Mozilla/5.0+(compatible; UptimeRobot/2.0; http://www.uptimerobot.com/)"
208.115.199.26 - - [29/Apr/2022:03:14:12 +0000] "HEAD / HTTP/1.1" 200 0 "https://thelostarchive.cf" "Mozilla/5.0+(compatible; UptimeRobot/2.0; http://www.uptimerobot.com/)"
208.115.199.26 - - [29/Apr/2022:03:19:12 +0000] "HEAD / HTTP/1.1" 200 0 "https://thelostarchive.cf" "Mozilla/5.0+(compatible; UptimeRobot/2.0; http://www.uptimerobot.com/)"
208.115.199.26 - - [29/Apr/2022:03:24:12 +0000] "HEAD / HTTP/1.1" 200 0 "https://thelostarchive.cf" "Mozilla/5.0+(compatible; UptimeRobot/2.0; http://www.uptimerobot.com/)"
208.115.199.26 - - [29/Apr/2022:03:29:12 +0000] "HEAD / HTTP/1.1" 200 0 "https://thelostarchive.cf" "Mozilla/5.0+(compatible; UptimeRobot/2.0; http://www.uptimerobot.com/)"
208.115.199.26 - - [29/Apr/2022:03:34:12 +0000] "HEAD / HTTP/1.1" 200 0 "https://thelostarchive.cf" "Mozilla/5.0+(compatible; UptimeRobot/2.0; http://www.uptimerobot.com/)"
208.115.199.26 - - [29/Apr/2022:03:39:12 +0000] "HEAD / HTTP/1.1" 200 0 "https://thelostarchive.cf" "Mozilla/5.0+(compatible; UptimeRobot/2.0; http://www.uptimerobot.com/)"
208.115.199.26 - - [29/Apr/2022:03:44:12 +0000] "HEAD / HTTP/1.1" 200 0 "https://thelostarchive.cf" "Mozilla/5.0+(compatible; UptimeRobot/2.0; http://www.uptimerobot.com/)"
208.115.199.26 - - [29/Apr/2022:03:49:12 +0000] "HEAD / HTTP/1.1" 200 0 "https://thelostarchive.cf" "Mozilla/5.0+(compatible; UptimeRobot/2.0; http://www.uptimerobot.com/)"
208.115.199.26 - - [29/Apr/2022:03:54:12 +0000] "HEAD / HTTP/1.1" 200 0 "https://thelostarchive.cf" "Mozilla/5.0+(compatible; UptimeRobot/2.0; http://www.uptimerobot.com/)"
208.115.199.26 - - [29/Apr/2022:03:59:12 +0000] "HEAD / HTTP/1.1" 200 0 "https://thelostarchive.cf" "Mozilla/5.0+(compatible; UptimeRobot/2.0; http://www.uptimerobot.com/)"
208.115.199.26 - - [29/Apr/2022:04:04:12 +0000] "HEAD / HTTP/1.1" 200 0 "https://thelostarchive.cf" "Mozilla/5.0+(compatible; UptimeRobot/2.0; http://www.uptimerobot.com/)"
172.245.10.242 - - [29/Apr/2022:04:06:45 +0000] "POST /GponForm/diag_Form?style/ HTTP/1.1" 404 2568 "-" "curl/7.3.2"
208.115.199.26 - - [29/Apr/2022:04:09:12 +0000] "HEAD / HTTP/1.1" 200 0 "https://thelostarchive.cf" "Mozilla/5.0+(compatible; UptimeRobot/2.0; http://www.uptimerobot.com/)"
208.115.199.26 - - [29/Apr/2022:04:14:12 +0000] "HEAD / HTTP/1.1" 200 0 "https://thelostarchive.cf" "Mozilla/5.0+(compatible; UptimeRobot/2.0; http://www.uptimerobot.com/)"
179.60.149.13 - - [29/Apr/2022:04:18:33 +0000] "GET /owa/auth/logon.aspx?replaceCurrent=1&url=https://23.92.20.101/ecp HTTP/1.1" 404 2568 "-" "Mozilla/5.0 (Macintosh; Intel Mac OS X 10_8_3) AppleWebKit/537.36 (KHTML, like Gecko) Chrome/54.0.2866.71 Safari/537.36"
208.115.199.26 - - [29/Apr/2022:04:19:12 +0000] "HEAD / HTTP/1.1" 200 0 "https://thelostarchive.cf" "Mozilla/5.0+(compatible; UptimeRobot/2.0; http://www.uptimerobot.com/)"
159.89.8.111 - - [29/Apr/2022:04:26:20 +0000] "GET / HTTP/1.1" 200 3382 "https://thelostarchive.cf" "Mozilla/5.0+(compatible; UptimeRobot/2.0; http://www.uptimerobot.com/)"
208.115.199.26 - - [29/Apr/2022:04:31:54 +0000] "GET / HTTP/1.1" 200 3382 "https://thelostarchive.cf" "Mozilla/5.0+(compatible; UptimeRobot/2.0; http://www.uptimerobot.com/)"
208.115.199.26 - - [29/Apr/2022:04:36:54 +0000] "HEAD / HTTP/1.1" 200 0 "https://thelostarchive.cf" "Mozilla/5.0+(compatible; UptimeRobot/2.0; http://www.uptimerobot.com/)"
208.115.199.26 - - [29/Apr/2022:04:41:54 +0000] "HEAD / HTTP/1.1" 200 0 "https://thelostarchive.cf" "Mozilla/5.0+(compatible; UptimeRobot/2.0; http://www.uptimerobot.com/)"
208.115.199.26 - - [29/Apr/2022:04:46:54 +0000] "HEAD / HTTP/1.1" 200 0 "https://thelostarchive.cf" "Mozilla/5.0+(compatible; UptimeRobot/2.0; http://www.uptimerobot.com/)"
208.115.199.26 - - [29/Apr/2022:04:51:54 +0000] "HEAD / HTTP/1.1" 200 0 "https://thelostarchive.cf" "Mozilla/5.0+(compatible; UptimeRobot/2.0; http://www.uptimerobot.com/)"
208.115.199.26 - - [29/Apr/2022:04:56:54 +0000] "HEAD / HTTP/1.1" 200 0 "https://thelostarchive.cf" "Mozilla/5.0+(compatible; UptimeRobot/2.0; http://www.uptimerobot.com/)"
208.115.199.26 - - [29/Apr/2022:05:01:54 +0000] "HEAD / HTTP/1.1" 200 0 "https://thelostarchive.cf" "Mozilla/5.0+(compatible; UptimeRobot/2.0; http://www.uptimerobot.com/)"
208.115.199.26 - - [29/Apr/2022:05:06:54 +0000] "HEAD / HTTP/1.1" 200 0 "https://thelostarchive.cf" "Mozilla/5.0+(compatible; UptimeRobot/2.0; http://www.uptimerobot.com/)"
208.115.199.26 - - [29/Apr/2022:05:11:54 +0000] "HEAD / HTTP/1.1" 200 0 "https://thelostarchive.cf" "Mozilla/5.0+(compatible; UptimeRobot/2.0; http://www.uptimerobot.com/)"
208.115.199.26 - - [29/Apr/2022:05:16:54 +0000] "HEAD / HTTP/1.1" 200 0 "https://thelostarchive.cf" "Mozilla/5.0+(compatible; UptimeRobot/2.0; http://www.uptimerobot.com/)"
208.115.199.26 - - [29/Apr/2022:05:21:54 +0000] "HEAD / HTTP/1.1" 200 0 "https://thelostarchive.cf" "Mozilla/5.0+(compatible; UptimeRobot/2.0; http://www.uptimerobot.com/)"
66.249.66.157 - - [29/Apr/2022:05:26:29 +0000] "GET /person/margaretenglish HTTP/1.1" 500 2599 "-" "Mozilla/5.0 (Linux; Android 6.0.1; Nexus 5X Build/MMB29P) AppleWebKit/537.36 (KHTML, like Gecko) Chrome/100.0.4896.127 Mobile Safari/537.36 (compatible; Googlebot/2.1; +http://www.google.com/bot.html)"
208.115.199.26 - - [29/Apr/2022:05:26:54 +0000] "HEAD / HTTP/1.1" 200 0 "https://thelostarchive.cf" "Mozilla/5.0+(compatible; UptimeRobot/2.0; http://www.uptimerobot.com/)"
208.115.199.26 - - [29/Apr/2022:05:31:54 +0000] "HEAD / HTTP/1.1" 200 0 "https://thelostarchive.cf" "Mozilla/5.0+(compatible; UptimeRobot/2.0; http://www.uptimerobot.com/)"
208.115.199.26 - - [29/Apr/2022:05:36:54 +0000] "HEAD / HTTP/1.1" 200 0 "https://thelostarchive.cf" "Mozilla/5.0+(compatible; UptimeRobot/2.0; http://www.uptimerobot.com/)"
208.115.199.26 - - [29/Apr/2022:05:41:54 +0000] "HEAD / HTTP/1.1" 200 0 "https://thelostarchive.cf" "Mozilla/5.0+(compatible; UptimeRobot/2.0; http://www.uptimerobot.com/)"
208.115.199.26 - - [29/Apr/2022:05:46:54 +0000] "HEAD / HTTP/1.1" 200 0 "https://thelostarchive.cf" "Mozilla/5.0+(compatible; UptimeRobot/2.0; http://www.uptimerobot.com/)"
208.115.199.26 - - [29/Apr/2022:05:51:54 +0000] "HEAD / HTTP/1.1" 200 0 "https://thelostarchive.cf" "Mozilla/5.0+(compatible; UptimeRobot/2.0; http://www.uptimerobot.com/)"
208.115.199.26 - - [29/Apr/2022:05:56:54 +0000] "HEAD / HTTP/1.1" 200 0 "https://thelostarchive.cf" "Mozilla/5.0+(compatible; UptimeRobot/2.0; http://www.uptimerobot.com/)"
208.115.199.26 - - [29/Apr/2022:06:01:54 +0000] "HEAD / HTTP/1.1" 200 0 "https://thelostarchive.cf" "Mozilla/5.0+(compatible; UptimeRobot/2.0; http://www.uptimerobot.com/)"
208.115.199.26 - - [29/Apr/2022:06:06:54 +0000] "HEAD / HTTP/1.1" 200 0 "https://thelostarchive.cf" "Mozilla/5.0+(compatible; UptimeRobot/2.0; http://www.uptimerobot.com/)"
208.115.199.26 - - [29/Apr/2022:06:11:54 +0000] "HEAD / HTTP/1.1" 200 0 "https://thelostarchive.cf" "Mozilla/5.0+(compatible; UptimeRobot/2.0; http://www.uptimerobot.com/)"
208.115.199.26 - - [29/Apr/2022:06:16:54 +0000] "HEAD / HTTP/1.1" 200 0 "https://thelostarchive.cf" "Mozilla/5.0+(compatible; UptimeRobot/2.0; http://www.uptimerobot.com/)"
208.115.199.26 - - [29/Apr/2022:06:21:54 +0000] "HEAD / HTTP/1.1" 200 0 "https://thelostarchive.cf" "Mozilla/5.0+(compatible; UptimeRobot/2.0; http://www.uptimerobot.com/)"
208.115.199.26 - - [29/Apr/2022:06:26:54 +0000] "HEAD / HTTP/1.1" 200 0 "https://thelostarchive.cf" "Mozilla/5.0+(compatible; UptimeRobot/2.0; http://www.uptimerobot.com/)"
208.115.199.26 - - [29/Apr/2022:06:31:54 +0000] "HEAD / HTTP/1.1" 200 0 "https://thelostarchive.cf" "Mozilla/5.0+(compatible; UptimeRobot/2.0; http://www.uptimerobot.com/)"
34.216.35.253 - - [29/Apr/2022:06:33:43 +0000] "GET / HTTP/1.1" 200 3382 "-" "Mozilla/5.0 (X11; Linux x86_64) AppleWebKit/537.36 (KHTML, like Gecko) Chrome/83.0.4103.97 Safari/537.36"
34.211.193.39 - - [29/Apr/2022:06:34:07 +0000] "GET /favicon.ico HTTP/1.1" 404 2568 "-" "Mozilla/5.0 (X11; Linux x86_64) AppleWebKit/537.36 (KHTML, like Gecko) Chrome/83.0.4103.97 Safari/537.36"
34.211.193.39 - - [29/Apr/2022:06:34:11 +0000] "GET / HTTP/1.1" 200 3382 "-" "Mozilla/5.0 (X11; Linux x86_64) AppleWebKit/537.36 (KHTML, like Gecko) Chrome/83.0.4103.97 Safari/537.36"
45.134.144.140 - - [29/Apr/2022:06:34:12 +0000] "GET ///remote/fgt_lang?lang=/../../../..//////////dev/ HTTP/1.1" 404 2568 "-" "python-requests/2.6.0 CPython/2.7.5 Linux/3.10.0-1160.el7.x86_64"
208.115.199.26 - - [29/Apr/2022:06:36:54 +0000] "HEAD / HTTP/1.1" 200 0 "https://thelostarchive.cf" "Mozilla/5.0+(compatible; UptimeRobot/2.0; http://www.uptimerobot.com/)"
208.115.199.26 - - [29/Apr/2022:06:41:54 +0000] "HEAD / HTTP/1.1" 200 0 "https://thelostarchive.cf" "Mozilla/5.0+(compatible; UptimeRobot/2.0; http://www.uptimerobot.com/)"
208.115.199.26 - - [29/Apr/2022:06:46:54 +0000] "HEAD / HTTP/1.1" 200 0 "https://thelostarchive.cf" "Mozilla/5.0+(compatible; UptimeRobot/2.0; http://www.uptimerobot.com/)"
208.115.199.26 - - [29/Apr/2022:06:51:54 +0000] "HEAD / HTTP/1.1" 200 0 "https://thelostarchive.cf" "Mozilla/5.0+(compatible; UptimeRobot/2.0; http://www.uptimerobot.com/)"
213.226.123.30 - - [29/Apr/2022:06:53:11 +0000] "POST /Autodiscover/Autodiscover.xml HTTP/1.1" 404 2568 "-" "Mozilla/5.0 (Windows NT 10.0; Win64; x64) AppleWebKit/537.36 (KHTML, like Gecko) Chrome/78.0.3904.108 Safari/537.36"
109.237.103.9 - - [29/Apr/2022:06:54:04 +0000] "GET /.env HTTP/1.1" 404 2568 "-" "Mozilla/5.0 (X11; Linux x86_64) AppleWebKit/537.36 (KHTML, like Gecko) Chrome/81.0.4044.129 Safari/537.36"
208.115.199.26 - - [29/Apr/2022:06:56:54 +0000] "HEAD / HTTP/1.1" 200 0 "https://thelostarchive.cf" "Mozilla/5.0+(compatible; UptimeRobot/2.0; http://www.uptimerobot.com/)"
208.115.199.26 - - [29/Apr/2022:07:01:54 +0000] "HEAD / HTTP/1.1" 200 0 "https://thelostarchive.cf" "Mozilla/5.0+(compatible; UptimeRobot/2.0; http://www.uptimerobot.com/)"
61.147.15.67 - - [29/Apr/2022:07:02:47 +0000] "GET / HTTP/1.1" 200 3382 "-" "Mozilla/5.0 (Macintosh; Intel Mac OS X 10_11) AppleWebKit/601.1.27 (KHTML, like Gecko) Chrome/47.0.2526.106 Safari/601.1.27"
61.147.15.65 - - [29/Apr/2022:07:02:57 +0000] "GET /favicon.ico HTTP/1.1" 404 2568 "-" "Dalvik/2.1.0 (Linux; U; Android 9.0; ZTE BA520 Build/MRA58K)"
61.147.15.67 - - [29/Apr/2022:07:03:43 +0000] "GET / HTTP/1.1" 200 3382 "-" "Dalvik/2.1.0 (Linux; U; Android 9.0; ZTE BA520 Build/MRA58K)"
208.115.199.26 - - [29/Apr/2022:07:06:54 +0000] "HEAD / HTTP/1.1" 200 0 "https://thelostarchive.cf" "Mozilla/5.0+(compatible; UptimeRobot/2.0; http://www.uptimerobot.com/)"
208.115.199.26 - - [29/Apr/2022:07:11:54 +0000] "HEAD / HTTP/1.1" 200 0 "https://thelostarchive.cf" "Mozilla/5.0+(compatible; UptimeRobot/2.0; http://www.uptimerobot.com/)"
208.115.199.26 - - [29/Apr/2022:07:16:54 +0000] "HEAD / HTTP/1.1" 200 0 "https://thelostarchive.cf" "Mozilla/5.0+(compatible; UptimeRobot/2.0; http://www.uptimerobot.com/)"
208.115.199.26 - - [29/Apr/2022:07:21:54 +0000] "HEAD / HTTP/1.1" 200 0 "https://thelostarchive.cf" "Mozilla/5.0+(compatible; UptimeRobot/2.0; http://www.uptimerobot.com/)"
208.115.199.26 - - [29/Apr/2022:07:26:54 +0000] "HEAD / HTTP/1.1" 200 0 "https://thelostarchive.cf" "Mozilla/5.0+(compatible; UptimeRobot/2.0; http://www.uptimerobot.com/)"
208.115.199.26 - - [29/Apr/2022:07:31:54 +0000] "HEAD / HTTP/1.1" 200 0 "https://thelostarchive.cf" "Mozilla/5.0+(compatible; UptimeRobot/2.0; http://www.uptimerobot.com/)"
208.115.199.26 - - [29/Apr/2022:07:36:54 +0000] "HEAD / HTTP/1.1" 200 0 "https://thelostarchive.cf" "Mozilla/5.0+(compatible; UptimeRobot/2.0; http://www.uptimerobot.com/)"
208.115.199.26 - - [29/Apr/2022:07:41:54 +0000] "HEAD / HTTP/1.1" 200 0 "https://thelostarchive.cf" "Mozilla/5.0+(compatible; UptimeRobot/2.0; http://www.uptimerobot.com/)"
208.115.199.26 - - [29/Apr/2022:07:46:54 +0000] "HEAD / HTTP/1.1" 200 0 "https://thelostarchive.cf" "Mozilla/5.0+(compatible; UptimeRobot/2.0; http://www.uptimerobot.com/)"
208.115.199.26 - - [29/Apr/2022:07:51:54 +0000] "HEAD / HTTP/1.1" 200 0 "https://thelostarchive.cf" "Mozilla/5.0+(compatible; UptimeRobot/2.0; http://www.uptimerobot.com/)"
208.115.199.26 - - [29/Apr/2022:07:56:54 +0000] "HEAD / HTTP/1.1" 200 0 "https://thelostarchive.cf" "Mozilla/5.0+(compatible; UptimeRobot/2.0; http://www.uptimerobot.com/)"
207.46.13.51 - - [29/Apr/2022:07:58:14 +0000] "GET / HTTP/1.1" 200 3382 "-" "Mozilla/5.0 (compatible; bingbot/2.0; +http://www.bing.com/bingbot.htm)"
208.115.199.26 - - [29/Apr/2022:08:01:54 +0000] "HEAD / HTTP/1.1" 200 0 "https://thelostarchive.cf" "Mozilla/5.0+(compatible; UptimeRobot/2.0; http://www.uptimerobot.com/)"
66.249.66.156 - - [29/Apr/2022:08:03:38 +0000] "GET /person/benjaminboucvault HTTP/1.1" 200 2886 "-" "Mozilla/5.0 (Linux; Android 6.0.1; Nexus 5X Build/MMB29P) AppleWebKit/537.36 (KHTML, like Gecko) Chrome/100.0.4896.127 Mobile Safari/537.36 (compatible; Googlebot/2.1; +http://www.google.com/bot.html)"
208.115.199.26 - - [29/Apr/2022:08:06:54 +0000] "HEAD / HTTP/1.1" 200 0 "https://thelostarchive.cf" "Mozilla/5.0+(compatible; UptimeRobot/2.0; http://www.uptimerobot.com/)"
208.115.199.26 - - [29/Apr/2022:08:11:54 +0000] "HEAD / HTTP/1.1" 200 0 "https://thelostarchive.cf" "Mozilla/5.0+(compatible; UptimeRobot/2.0; http://www.uptimerobot.com/)"
208.115.199.26 - - [29/Apr/2022:08:16:54 +0000] "HEAD / HTTP/1.1" 200 0 "https://thelostarchive.cf" "Mozilla/5.0+(compatible; UptimeRobot/2.0; http://www.uptimerobot.com/)"
213.226.123.30 - - [29/Apr/2022:08:18:47 +0000] "GET /?XDEBUG_SESSION_START=phpstorm HTTP/1.1" 200 3382 "-" "Mozilla/5.0 (Windows NT 10.0; Win64; x64) AppleWebKit/537.36 (KHTML, like Gecko) Chrome/78.0.3904.108 Safari/537.36"
208.115.199.26 - - [29/Apr/2022:08:21:54 +0000] "HEAD / HTTP/1.1" 200 0 "https://thelostarchive.cf" "Mozilla/5.0+(compatible; UptimeRobot/2.0; http://www.uptimerobot.com/)"
208.115.199.26 - - [29/Apr/2022:08:26:54 +0000] "HEAD / HTTP/1.1" 200 0 "https://thelostarchive.cf" "Mozilla/5.0+(compatible; UptimeRobot/2.0; http://www.uptimerobot.com/)"
208.115.199.26 - - [29/Apr/2022:08:31:54 +0000] "HEAD / HTTP/1.1" 200 0 "https://thelostarchive.cf" "Mozilla/5.0+(compatible; UptimeRobot/2.0; http://www.uptimerobot.com/)"
208.115.199.26 - - [29/Apr/2022:08:36:54 +0000] "HEAD / HTTP/1.1" 200 0 "https://thelostarchive.cf" "Mozilla/5.0+(compatible; UptimeRobot/2.0; http://www.uptimerobot.com/)"
208.115.199.26 - - [29/Apr/2022:08:41:54 +0000] "HEAD / HTTP/1.1" 200 0 "https://thelostarchive.cf" "Mozilla/5.0+(compatible; UptimeRobot/2.0; http://www.uptimerobot.com/)"
208.115.199.26 - - [29/Apr/2022:08:46:54 +0000] "HEAD / HTTP/1.1" 200 0 "https://thelostarchive.cf" "Mozilla/5.0+(compatible; UptimeRobot/2.0; http://www.uptimerobot.com/)"
208.115.199.26 - - [29/Apr/2022:08:51:54 +0000] "HEAD / HTTP/1.1" 200 0 "https://thelostarchive.cf" "Mozilla/5.0+(compatible; UptimeRobot/2.0; http://www.uptimerobot.com/)"
208.115.199.26 - - [29/Apr/2022:08:56:54 +0000] "HEAD / HTTP/1.1" 200 0 "https://thelostarchive.cf" "Mozilla/5.0+(compatible; UptimeRobot/2.0; http://www.uptimerobot.com/)"
104.140.188.22 - - [29/Apr/2022:08:58:07 +0000] "GET / HTTP/1.1" 200 3382 "-" "https://gdnplus.com:Gather Analyze Provide."
208.115.199.26 - - [29/Apr/2022:09:01:54 +0000] "HEAD / HTTP/1.1" 200 0 "https://thelostarchive.cf" "Mozilla/5.0+(compatible; UptimeRobot/2.0; http://www.uptimerobot.com/)"
208.115.199.26 - - [29/Apr/2022:09:06:54 +0000] "HEAD / HTTP/1.1" 200 0 "https://thelostarchive.cf" "Mozilla/5.0+(compatible; UptimeRobot/2.0; http://www.uptimerobot.com/)"
208.115.199.26 - - [29/Apr/2022:09:11:54 +0000] "HEAD / HTTP/1.1" 200 0 "https://thelostarchive.cf" "Mozilla/5.0+(compatible; UptimeRobot/2.0; http://www.uptimerobot.com/)"
208.115.199.26 - - [29/Apr/2022:09:16:54 +0000] "HEAD / HTTP/1.1" 200 0 "https://thelostarchive.cf" "Mozilla/5.0+(compatible; UptimeRobot/2.0; http://www.uptimerobot.com/)"
208.115.199.26 - - [29/Apr/2022:09:21:54 +0000] "HEAD / HTTP/1.1" 200 0 "https://thelostarchive.cf" "Mozilla/5.0+(compatible; UptimeRobot/2.0; http://www.uptimerobot.com/)"
208.115.199.26 - - [29/Apr/2022:09:26:54 +0000] "HEAD / HTTP/1.1" 200 0 "https://thelostarchive.cf" "Mozilla/5.0+(compatible; UptimeRobot/2.0; http://www.uptimerobot.com/)"
208.115.199.26 - - [29/Apr/2022:09:31:54 +0000] "HEAD / HTTP/1.1" 200 0 "https://thelostarchive.cf" "Mozilla/5.0+(compatible; UptimeRobot/2.0; http://www.uptimerobot.com/)"
208.115.199.26 - - [29/Apr/2022:09:36:54 +0000] "HEAD / HTTP/1.1" 200 0 "https://thelostarchive.cf" "Mozilla/5.0+(compatible; UptimeRobot/2.0; http://www.uptimerobot.com/)"
208.115.199.26 - - [29/Apr/2022:09:41:54 +0000] "HEAD / HTTP/1.1" 200 0 "https://thelostarchive.cf" "Mozilla/5.0+(compatible; UptimeRobot/2.0; http://www.uptimerobot.com/)"
66.249.66.157 - - [29/Apr/2022:09:44:23 +0000] "GET /robots.txt HTTP/1.1" 404 2568 "-" "Mozilla/5.0 (compatible; Googlebot/2.1; +http://www.google.com/bot.html)"
66.249.66.155 - - [29/Apr/2022:09:44:23 +0000] "GET /person/graylobell HTTP/1.1" 200 2938 "-" "Mozilla/5.0 (Linux; Android 6.0.1; Nexus 5X Build/MMB29P) AppleWebKit/537.36 (KHTML, like Gecko) Chrome/100.0.4896.127 Mobile Safari/537.36 (compatible; Googlebot/2.1; +http://www.google.com/bot.html)"
208.115.199.26 - - [29/Apr/2022:09:46:54 +0000] "HEAD / HTTP/1.1" 200 0 "https://thelostarchive.cf" "Mozilla/5.0+(compatible; UptimeRobot/2.0; http://www.uptimerobot.com/)"
185.189.182.234 - - [29/Apr/2022:09:49:43 +0000] "GET /xx84 HTTP/1.1" 404 2568 "-" "-"
208.115.199.26 - - [29/Apr/2022:09:51:54 +0000] "HEAD / HTTP/1.1" 200 0 "https://thelostarchive.cf" "Mozilla/5.0+(compatible; UptimeRobot/2.0; http://www.uptimerobot.com/)"
208.115.199.26 - - [29/Apr/2022:09:56:54 +0000] "HEAD / HTTP/1.1" 200 0 "https://thelostarchive.cf" "Mozilla/5.0+(compatible; UptimeRobot/2.0; http://www.uptimerobot.com/)"
208.115.199.26 - - [29/Apr/2022:10:01:54 +0000] "HEAD / HTTP/1.1" 200 0 "https://thelostarchive.cf" "Mozilla/5.0+(compatible; UptimeRobot/2.0; http://www.uptimerobot.com/)"
208.115.199.26 - - [29/Apr/2022:10:06:54 +0000] "HEAD / HTTP/1.1" 200 0 "https://thelostarchive.cf" "Mozilla/5.0+(compatible; UptimeRobot/2.0; http://www.uptimerobot.com/)"
208.115.199.26 - - [29/Apr/2022:10:11:54 +0000] "HEAD / HTTP/1.1" 200 0 "https://thelostarchive.cf" "Mozilla/5.0+(compatible; UptimeRobot/2.0; http://www.uptimerobot.com/)"
208.115.199.26 - - [29/Apr/2022:10:16:54 +0000] "HEAD / HTTP/1.1" 200 0 "https://thelostarchive.cf" "Mozilla/5.0+(compatible; UptimeRobot/2.0; http://www.uptimerobot.com/)"
208.115.199.26 - - [29/Apr/2022:10:21:54 +0000] "HEAD / HTTP/1.1" 200 0 "https://thelostarchive.cf" "Mozilla/5.0+(compatible; UptimeRobot/2.0; http://www.uptimerobot.com/)"
208.115.199.26 - - [29/Apr/2022:10:26:54 +0000] "HEAD / HTTP/1.1" 200 0 "https://thelostarchive.cf" "Mozilla/5.0+(compatible; UptimeRobot/2.0; http://www.uptimerobot.com/)"
208.115.199.26 - - [29/Apr/2022:10:31:54 +0000] "HEAD / HTTP/1.1" 200 0 "https://thelostarchive.cf" "Mozilla/5.0+(compatible; UptimeRobot/2.0; http://www.uptimerobot.com/)"
208.115.199.26 - - [29/Apr/2022:10:36:54 +0000] "HEAD / HTTP/1.1" 200 0 "https://thelostarchive.cf" "Mozilla/5.0+(compatible; UptimeRobot/2.0; http://www.uptimerobot.com/)"
66.249.66.144 - - [29/Apr/2022:10:37:58 +0000] "GET /robots.txt HTTP/1.1" 404 2568 "-" "Mozilla/5.0 (compatible; Googlebot/2.1; +http://www.google.com/bot.html)"
66.249.66.146 - - [29/Apr/2022:10:37:58 +0000] "GET /person/lylacasamento HTTP/1.1" 200 2776 "-" "Mozilla/5.0 (Linux; Android 6.0.1; Nexus 5X Build/MMB29P) AppleWebKit/537.36 (KHTML, like Gecko) Chrome/100.0.4896.127 Mobile Safari/537.36 (compatible; Googlebot/2.1; +http://www.google.com/bot.html)"
208.115.199.26 - - [29/Apr/2022:10:41:54 +0000] "HEAD / HTTP/1.1" 200 0 "https://thelostarchive.cf" "Mozilla/5.0+(compatible; UptimeRobot/2.0; http://www.uptimerobot.com/)"
208.115.199.26 - - [29/Apr/2022:10:46:54 +0000] "HEAD / HTTP/1.1" 200 0 "https://thelostarchive.cf" "Mozilla/5.0+(compatible; UptimeRobot/2.0; http://www.uptimerobot.com/)"
208.115.199.26 - - [29/Apr/2022:10:51:54 +0000] "HEAD / HTTP/1.1" 200 0 "https://thelostarchive.cf" "Mozilla/5.0+(compatible; UptimeRobot/2.0; http://www.uptimerobot.com/)"
208.115.199.26 - - [29/Apr/2022:10:56:54 +0000] "HEAD / HTTP/1.1" 200 0 "https://thelostarchive.cf" "Mozilla/5.0+(compatible; UptimeRobot/2.0; http://www.uptimerobot.com/)"
213.226.123.30 - - [29/Apr/2022:10:59:23 +0000] "GET /console/ HTTP/1.1" 404 2568 "-" "Mozilla/5.0 (Windows NT 10.0; Win64; x64) AppleWebKit/537.36 (KHTML, like Gecko) Chrome/78.0.3904.108 Safari/537.36"
208.115.199.26 - - [29/Apr/2022:11:01:54 +0000] "HEAD / HTTP/1.1" 200 0 "https://thelostarchive.cf" "Mozilla/5.0+(compatible; UptimeRobot/2.0; http://www.uptimerobot.com/)"
208.115.199.26 - - [29/Apr/2022:11:06:54 +0000] "HEAD / HTTP/1.1" 200 0 "https://thelostarchive.cf" "Mozilla/5.0+(compatible; UptimeRobot/2.0; http://www.uptimerobot.com/)"
208.115.199.26 - - [29/Apr/2022:11:11:54 +0000] "HEAD / HTTP/1.1" 200 0 "https://thelostarchive.cf" "Mozilla/5.0+(compatible; UptimeRobot/2.0; http://www.uptimerobot.com/)"
208.115.199.26 - - [29/Apr/2022:11:16:54 +0000] "HEAD / HTTP/1.1" 200 0 "https://thelostarchive.cf" "Mozilla/5.0+(compatible; UptimeRobot/2.0; http://www.uptimerobot.com/)"
208.115.199.26 - - [29/Apr/2022:11:21:54 +0000] "HEAD / HTTP/1.1" 200 0 "https://thelostarchive.cf" "Mozilla/5.0+(compatible; UptimeRobot/2.0; http://www.uptimerobot.com/)"
208.115.199.26 - - [29/Apr/2022:11:26:54 +0000] "HEAD / HTTP/1.1" 200 0 "https://thelostarchive.cf" "Mozilla/5.0+(compatible; UptimeRobot/2.0; http://www.uptimerobot.com/)"
66.249.73.28 - - [29/Apr/2022:11:31:32 +0000] "GET /person/lylacasamento HTTP/1.1" 200 2776 "-" "Mozilla/5.0 (Linux; Android 6.0.1; Nexus 5X Build/MMB29P) AppleWebKit/537.36 (KHTML, like Gecko) Chrome/100.0.4896.127 Mobile Safari/537.36 (compatible; Googlebot/2.1; +http://www.google.com/bot.html)"
208.115.199.26 - - [29/Apr/2022:11:31:54 +0000] "HEAD / HTTP/1.1" 200 0 "https://thelostarchive.cf" "Mozilla/5.0+(compatible; UptimeRobot/2.0; http://www.uptimerobot.com/)"
208.115.199.26 - - [29/Apr/2022:11:36:54 +0000] "HEAD / HTTP/1.1" 200 0 "https://thelostarchive.cf" "Mozilla/5.0+(compatible; UptimeRobot/2.0; http://www.uptimerobot.com/)"
208.115.199.26 - - [29/Apr/2022:11:41:54 +0000] "HEAD / HTTP/1.1" 200 0 "https://thelostarchive.cf" "Mozilla/5.0+(compatible; UptimeRobot/2.0; http://www.uptimerobot.com/)"
213.226.123.30 - - [29/Apr/2022:11:45:22 +0000] "GET / HTTP/1.1" 200 3382 "-" "Mozilla/5.0 (Windows NT 10.0; Win64; x64) AppleWebKit/537.36 (KHTML, like Gecko) Chrome/78.0.3904.108 Safari/537.36"
208.115.199.26 - - [29/Apr/2022:11:46:54 +0000] "HEAD / HTTP/1.1" 200 0 "https://thelostarchive.cf" "Mozilla/5.0+(compatible; UptimeRobot/2.0; http://www.uptimerobot.com/)"
208.115.199.26 - - [29/Apr/2022:11:51:54 +0000] "HEAD / HTTP/1.1" 200 0 "https://thelostarchive.cf" "Mozilla/5.0+(compatible; UptimeRobot/2.0; http://www.uptimerobot.com/)"
69.206.188.143 - - [29/Apr/2022:11:53:49 +0000] "GET / HTTP/1.1" 200 3382 "-" "Mozilla/5.0 (Windows NT 10.0; Win64; x64; rv:99.0) Gecko/20100101 Firefox/99.0"
69.206.188.143 - - [29/Apr/2022:11:53:50 +0000] "GET /static/css/style.css HTTP/1.1" 304 0 "https://www.thelostarchive.cf/" "Mozilla/5.0 (Windows NT 10.0; Win64; x64; rv:99.0) Gecko/20100101 Firefox/99.0"
208.115.199.26 - - [29/Apr/2022:11:56:54 +0000] "HEAD / HTTP/1.1" 200 0 "https://thelostarchive.cf" "Mozilla/5.0+(compatible; UptimeRobot/2.0; http://www.uptimerobot.com/)"
69.206.188.143 - - [29/Apr/2022:11:58:57 +0000] "GET /people HTTP/1.1" 200 4393 "https://www.thelostarchive.cf/" "Mozilla/5.0 (Windows NT 10.0; Win64; x64; rv:99.0) Gecko/20100101 Firefox/99.0"
69.206.188.143 - - [29/Apr/2022:11:58:58 +0000] "GET /static/css/style.css HTTP/1.1" 304 0 "https://www.thelostarchive.cf/people" "Mozilla/5.0 (Windows NT 10.0; Win64; x64; rv:99.0) Gecko/20100101 Firefox/99.0"
69.206.188.143 - - [29/Apr/2022:11:59:01 +0000] "GET /person/brycecasamento HTTP/1.1" 200 3157 "https://www.thelostarchive.cf/people" "Mozilla/5.0 (Windows NT 10.0; Win64; x64; rv:99.0) Gecko/20100101 Firefox/99.0"
69.206.188.143 - - [29/Apr/2022:11:59:01 +0000] "GET /static/css/style.css HTTP/1.1" 304 0 "https://www.thelostarchive.cf/person/brycecasamento" "Mozilla/5.0 (Windows NT 10.0; Win64; x64; rv:99.0) Gecko/20100101 Firefox/99.0"
69.206.188.143 - - [29/Apr/2022:11:59:07 +0000] "GET /favicon.ico HTTP/1.1" 404 2568 "https://www.thelostarchive.cf/people" "Mozilla/5.0 (Windows NT 10.0; Win64; x64; rv:99.0) Gecko/20100101 Firefox/99.0"
69.206.188.143 - - [29/Apr/2022:11:59:09 +0000] "GET /person/benjaminboucvault HTTP/1.1" 200 2886 "https://www.thelostarchive.cf/people" "Mozilla/5.0 (Windows NT 10.0; Win64; x64; rv:99.0) Gecko/20100101 Firefox/99.0"
69.206.188.143 - - [29/Apr/2022:11:59:10 +0000] "GET /static/css/style.css HTTP/1.1" 304 0 "https://www.thelostarchive.cf/person/benjaminboucvault" "Mozilla/5.0 (Windows NT 10.0; Win64; x64; rv:99.0) Gecko/20100101 Firefox/99.0"
69.206.188.143 - - [29/Apr/2022:11:59:24 +0000] "GET /person/graylobell HTTP/1.1" 200 2938 "https://www.thelostarchive.cf/people" "Mozilla/5.0 (Windows NT 10.0; Win64; x64; rv:99.0) Gecko/20100101 Firefox/99.0"
69.206.188.143 - - [29/Apr/2022:11:59:24 +0000] "GET /static/css/style.css HTTP/1.1" 304 0 "https://www.thelostarchive.cf/person/graylobell" "Mozilla/5.0 (Windows NT 10.0; Win64; x64; rv:99.0) Gecko/20100101 Firefox/99.0"
208.115.199.26 - - [29/Apr/2022:12:01:54 +0000] "HEAD / HTTP/1.1" 200 0 "https://thelostarchive.cf" "Mozilla/5.0+(compatible; UptimeRobot/2.0; http://www.uptimerobot.com/)"
208.115.199.26 - - [29/Apr/2022:12:06:54 +0000] "HEAD / HTTP/1.1" 200 0 "https://thelostarchive.cf" "Mozilla/5.0+(compatible; UptimeRobot/2.0; http://www.uptimerobot.com/)"
208.115.199.26 - - [29/Apr/2022:12:11:54 +0000] "HEAD / HTTP/1.1" 200 0 "https://thelostarchive.cf" "Mozilla/5.0+(compatible; UptimeRobot/2.0; http://www.uptimerobot.com/)"
167.248.133.120 - - [29/Apr/2022:12:13:17 +0000] "GET / HTTP/1.1" 200 3382 "-" "Mozilla/5.0 (compatible; CensysInspect/1.1; +https://about.censys.io/)"
167.248.133.120 - - [29/Apr/2022:12:13:18 +0000] "PRI * HTTP/2.0" 404 2568 "-" "-"
208.115.199.26 - - [29/Apr/2022:12:16:54 +0000] "HEAD / HTTP/1.1" 200 0 "https://thelostarchive.cf" "Mozilla/5.0+(compatible; UptimeRobot/2.0; http://www.uptimerobot.com/)"
208.115.199.26 - - [29/Apr/2022:12:21:54 +0000] "HEAD / HTTP/1.1" 200 0 "https://thelostarchive.cf" "Mozilla/5.0+(compatible; UptimeRobot/2.0; http://www.uptimerobot.com/)"
157.55.39.70 - - [29/Apr/2022:12:23:17 +0000] "GET / HTTP/1.1" 200 3382 "-" "Mozilla/5.0 (compatible; bingbot/2.0; +http://www.bing.com/bingbot.htm)"
69.206.188.143 - - [29/Apr/2022:12:24:48 +0000] "GET / HTTP/1.1" 200 3382 "https://www.thelostarchive.cf/person/graylobell" "Mozilla/5.0 (Windows NT 10.0; Win64; x64; rv:99.0) Gecko/20100101 Firefox/99.0"
69.206.188.143 - - [29/Apr/2022:12:24:49 +0000] "GET /static/css/style.css HTTP/1.1" 304 0 "https://www.thelostarchive.cf/" "Mozilla/5.0 (Windows NT 10.0; Win64; x64; rv:99.0) Gecko/20100101 Firefox/99.0"
208.115.199.26 - - [29/Apr/2022:12:26:54 +0000] "HEAD / HTTP/1.1" 200 0 "https://thelostarchive.cf" "Mozilla/5.0+(compatible; UptimeRobot/2.0; http://www.uptimerobot.com/)"
208.115.199.26 - - [29/Apr/2022:12:31:54 +0000] "HEAD / HTTP/1.1" 200 0 "https://thelostarchive.cf" "Mozilla/5.0+(compatible; UptimeRobot/2.0; http://www.uptimerobot.com/)"
167.94.138.44 - - [29/Apr/2022:12:33:28 +0000] "GET / HTTP/1.1" 200 3382 "-" "-"
167.94.138.44 - - [29/Apr/2022:12:33:28 +0000] "GET / HTTP/1.1" 200 3382 "-" "Mozilla/5.0 (compatible; CensysInspect/1.1; +https://about.censys.io/)"
167.94.138.44 - - [29/Apr/2022:12:33:29 +0000] "PRI * HTTP/2.0" 404 2568 "-" "-"
167.94.138.44 - - [29/Apr/2022:12:33:29 +0000] "GET / HTTP/1.1" 200 3382 "-" "-"
167.94.138.44 - - [29/Apr/2022:12:33:30 +0000] "GET / HTTP/1.1" 200 3382 "-" "Mozilla/5.0 (compatible; CensysInspect/1.1; +https://about.censys.io/)"
167.94.138.44 - - [29/Apr/2022:12:33:30 +0000] "PRI * HTTP/2.0" 404 2568 "-" "-"
69.206.188.143 - - [29/Apr/2022:12:34:02 +0000] "GET /submit HTTP/1.1" 200 3825 "-" "Mozilla/5.0 (Windows NT 10.0; Win64; x64; rv:99.0) Gecko/20100101 Firefox/99.0"
69.206.188.143 - - [29/Apr/2022:12:34:02 +0000] "GET /static/css/style.css HTTP/1.1" 304 0 "https://www.thelostarchive.cf/submit" "Mozilla/5.0 (Windows NT 10.0; Win64; x64; rv:99.0) Gecko/20100101 Firefox/99.0"
69.206.188.143 - - [29/Apr/2022:12:34:29 +0000] "POST /submit HTTP/1.1" 302 220 "https://www.thelostarchive.cf/submit" "Mozilla/5.0 (Windows NT 10.0; Win64; x64; rv:99.0) Gecko/20100101 Firefox/99.0"
69.206.188.143 - - [29/Apr/2022:12:34:29 +0000] "GET /people HTTP/1.1" 200 4585 "https://www.thelostarchive.cf/submit" "Mozilla/5.0 (Windows NT 10.0; Win64; x64; rv:99.0) Gecko/20100101 Firefox/99.0"
69.206.188.143 - - [29/Apr/2022:12:34:30 +0000] "GET /static/css/style.css HTTP/1.1" 304 0 "https://www.thelostarchive.cf/people" "Mozilla/5.0 (Windows NT 10.0; Win64; x64; rv:99.0) Gecko/20100101 Firefox/99.0"
69.206.188.143 - - [29/Apr/2022:12:35:12 +0000] "GET /person/elimills HTTP/1.1" 500 2599 "https://www.thelostarchive.cf/people" "Mozilla/5.0 (Windows NT 10.0; Win64; x64; rv:99.0) Gecko/20100101 Firefox/99.0"
69.206.188.143 - - [29/Apr/2022:12:35:13 +0000] "GET /static/css/style.css HTTP/1.1" 304 0 "https://www.thelostarchive.cf/person/elimills" "Mozilla/5.0 (Windows NT 10.0; Win64; x64; rv:99.0) Gecko/20100101 Firefox/99.0"
208.115.199.26 - - [29/Apr/2022:12:36:54 +0000] "HEAD / HTTP/1.1" 200 0 "https://thelostarchive.cf" "Mozilla/5.0+(compatible; UptimeRobot/2.0; http://www.uptimerobot.com/)"
69.206.188.143 - - [29/Apr/2022:12:37:05 +0000] "GET /person/elimills HTTP/1.1" 200 2613 "https://www.thelostarchive.cf/people" "Mozilla/5.0 (Windows NT 10.0; Win64; x64; rv:99.0) Gecko/20100101 Firefox/99.0"
69.206.188.143 - - [29/Apr/2022:12:37:06 +0000] "GET /static/css/style.css HTTP/1.1" 304 0 "https://www.thelostarchive.cf/person/elimills" "Mozilla/5.0 (Windows NT 10.0; Win64; x64; rv:99.0) Gecko/20100101 Firefox/99.0"
69.206.188.143 - - [29/Apr/2022:12:37:23 +0000] "GET / HTTP/1.1" 200 3382 "https://www.thelostarchive.cf/person/elimills" "Mozilla/5.0 (Windows NT 10.0; Win64; x64; rv:99.0) Gecko/20100101 Firefox/99.0"
69.206.188.143 - - [29/Apr/2022:12:37:24 +0000] "GET /static/css/style.css HTTP/1.1" 304 0 "https://www.thelostarchive.cf/" "Mozilla/5.0 (Windows NT 10.0; Win64; x64; rv:99.0) Gecko/20100101 Firefox/99.0"
69.206.188.143 - - [29/Apr/2022:12:39:11 +0000] "GET / HTTP/1.1" 200 3382 "-" "Mozilla/5.0 (Windows NT 10.0; Win64; x64; rv:99.0) Gecko/20100101 Firefox/99.0"
69.206.188.143 - - [29/Apr/2022:12:39:11 +0000] "GET /static/css/style.css HTTP/1.1" 200 6894 "https://saberfilms.cf/" "Mozilla/5.0 (Windows NT 10.0; Win64; x64; rv:99.0) Gecko/20100101 Firefox/99.0"
69.206.188.143 - - [29/Apr/2022:12:39:12 +0000] "GET /static/apple-touch-icon.png HTTP/1.1" 200 11402 "https://saberfilms.cf/" "Mozilla/5.0 (Windows NT 10.0; Win64; x64; rv:99.0) Gecko/20100101 Firefox/99.0"
69.206.188.143 - - [29/Apr/2022:12:39:12 +0000] "GET /static/favicon-16x16.png HTTP/1.1" 200 514 "https://saberfilms.cf/" "Mozilla/5.0 (Windows NT 10.0; Win64; x64; rv:99.0) Gecko/20100101 Firefox/99.0"
69.206.188.143 - - [29/Apr/2022:12:39:15 +0000] "GET /people HTTP/1.1" 200 4585 "https://saberfilms.cf/" "Mozilla/5.0 (Windows NT 10.0; Win64; x64; rv:99.0) Gecko/20100101 Firefox/99.0"
69.206.188.143 - - [29/Apr/2022:12:39:15 +0000] "GET /static/css/style.css HTTP/1.1" 304 0 "https://saberfilms.cf/people" "Mozilla/5.0 (Windows NT 10.0; Win64; x64; rv:99.0) Gecko/20100101 Firefox/99.0"
69.206.188.143 - - [29/Apr/2022:12:39:18 +0000] "GET /person/salematkins HTTP/1.1" 200 2996 "https://saberfilms.cf/people" "Mozilla/5.0 (Windows NT 10.0; Win64; x64; rv:99.0) Gecko/20100101 Firefox/99.0"
69.206.188.143 - - [29/Apr/2022:12:39:19 +0000] "GET /static/css/style.css HTTP/1.1" 304 0 "https://saberfilms.cf/person/salematkins" "Mozilla/5.0 (Windows NT 10.0; Win64; x64; rv:99.0) Gecko/20100101 Firefox/99.0"
69.206.188.143 - - [29/Apr/2022:12:40:31 +0000] "GET /bts HTTP/1.1" 200 3028 "https://saberfilms.cf/person/salematkins" "Mozilla/5.0 (Windows NT 10.0; Win64; x64; rv:99.0) Gecko/20100101 Firefox/99.0"
69.206.188.143 - - [29/Apr/2022:12:40:31 +0000] "GET /static/css/style.css HTTP/1.1" 304 0 "https://saberfilms.cf/bts" "Mozilla/5.0 (Windows NT 10.0; Win64; x64; rv:99.0) Gecko/20100101 Firefox/99.0"
208.115.199.26 - - [29/Apr/2022:12:41:54 +0000] "HEAD / HTTP/1.1" 200 0 "https://thelostarchive.cf" "Mozilla/5.0+(compatible; UptimeRobot/2.0; http://www.uptimerobot.com/)"
69.206.188.143 - - [29/Apr/2022:12:42:37 +0000] "GET /snap HTTP/1.1" 404 2568 "-" "Mozilla/5.0 (Windows NT 10.0; Win64; x64; rv:99.0) Gecko/20100101 Firefox/99.0"
69.206.188.143 - - [29/Apr/2022:12:42:38 +0000] "GET /static/css/style.css HTTP/1.1" 304 0 "https://saberfilms.cf/snap" "Mozilla/5.0 (Windows NT 10.0; Win64; x64; rv:99.0) Gecko/20100101 Firefox/99.0"
69.206.188.143 - - [29/Apr/2022:12:42:46 +0000] "GET /downloads/ HTTP/1.1" 404 2568 "-" "Mozilla/5.0 (Windows NT 10.0; Win64; x64; rv:99.0) Gecko/20100101 Firefox/99.0"
69.206.188.143 - - [29/Apr/2022:12:42:46 +0000] "GET /static/css/style.css HTTP/1.1" 304 0 "https://saberfilms.cf/downloads/" "Mozilla/5.0 (Windows NT 10.0; Win64; x64; rv:99.0) Gecko/20100101 Firefox/99.0"
69.206.188.143 - - [29/Apr/2022:12:42:50 +0000] "GET /downloads/asda HTTP/1.1" 500 2599 "-" "Mozilla/5.0 (Windows NT 10.0; Win64; x64; rv:99.0) Gecko/20100101 Firefox/99.0"
69.206.188.143 - - [29/Apr/2022:12:42:50 +0000] "GET /static/css/style.css HTTP/1.1" 304 0 "https://saberfilms.cf/downloads/asda" "Mozilla/5.0 (Windows NT 10.0; Win64; x64; rv:99.0) Gecko/20100101 Firefox/99.0"
69.206.188.143 - - [29/Apr/2022:12:45:17 +0000] "GET / HTTP/1.1" 200 3382 "-" "Mozilla/5.0 (Windows NT 10.0; Win64; x64; rv:99.0) Gecko/20100101 Firefox/99.0"
69.206.188.143 - - [29/Apr/2022:12:45:48 +0000] "GET /static/css/style.css HTTP/1.1" 304 0 "https://www.thelostarchive.cf/" "Mozilla/5.0 (Windows NT 10.0; Win64; x64; rv:99.0) Gecko/20100101 Firefox/99.0"
69.206.188.143 - - [29/Apr/2022:12:46:09 +0000] "GET /downloads/%2Fhome HTTP/1.1" 308 294 "-" "Mozilla/5.0 (Windows NT 10.0; Win64; x64; rv:99.0) Gecko/20100101 Firefox/99.0"
69.206.188.143 - - [29/Apr/2022:12:46:09 +0000] "GET /downloads/home HTTP/1.1" 500 2599 "-" "Mozilla/5.0 (Windows NT 10.0; Win64; x64; rv:99.0) Gecko/20100101 Firefox/99.0"
69.206.188.143 - - [29/Apr/2022:12:46:09 +0000] "GET /static/css/style.css HTTP/1.1" 304 0 "https://www.thelostarchive.cf/downloads/home" "Mozilla/5.0 (Windows NT 10.0; Win64; x64; rv:99.0) Gecko/20100101 Firefox/99.0"
69.206.188.143 - - [29/Apr/2022:12:46:34 +0000] "GET /downloads/%7E HTTP/1.1" 500 2599 "-" "Mozilla/5.0 (Windows NT 10.0; Win64; x64; rv:99.0) Gecko/20100101 Firefox/99.0"
69.206.188.143 - - [29/Apr/2022:12:46:34 +0000] "GET /static/css/style.css HTTP/1.1" 304 0 "https://www.thelostarchive.cf/downloads/%7E" "Mozilla/5.0 (Windows NT 10.0; Win64; x64; rv:99.0) Gecko/20100101 Firefox/99.0"
208.115.199.26 - - [29/Apr/2022:12:46:54 +0000] "HEAD / HTTP/1.1" 200 0 "https://thelostarchive.cf" "Mozilla/5.0+(compatible; UptimeRobot/2.0; http://www.uptimerobot.com/)"
69.206.188.143 - - [29/Apr/2022:12:46:54 +0000] "GET /downloads/~%2Fsaberfilmsapp HTTP/1.1" 404 2568 "-" "Mozilla/5.0 (Windows NT 10.0; Win64; x64; rv:99.0) Gecko/20100101 Firefox/99.0"
69.206.188.143 - - [29/Apr/2022:12:46:54 +0000] "GET /static/css/style.css HTTP/1.1" 304 0 "https://www.thelostarchive.cf/downloads/~%2Fsaberfilmsapp" "Mozilla/5.0 (Windows NT 10.0; Win64; x64; rv:99.0) Gecko/20100101 Firefox/99.0"
208.115.199.26 - - [29/Apr/2022:12:51:54 +0000] "HEAD / HTTP/1.1" 200 0 "https://thelostarchive.cf" "Mozilla/5.0+(compatible; UptimeRobot/2.0; http://www.uptimerobot.com/)"
69.206.188.143 - - [29/Apr/2022:12:55:49 +0000] "GET / HTTP/1.1" 200 3382 "-" "Mozilla/5.0 (Windows NT 10.0; Win64; x64; rv:99.0) Gecko/20100101 Firefox/99.0"
69.206.188.143 - - [29/Apr/2022:12:55:49 +0000] "GET /static/css/style.css HTTP/1.1" 304 0 "https://www.thelostarchive.cf/" "Mozilla/5.0 (Windows NT 10.0; Win64; x64; rv:99.0) Gecko/20100101 Firefox/99.0"
69.206.188.143 - - [29/Apr/2022:12:57:04 +0000] "GET / HTTP/1.1" 200 3382 "-" "Mozilla/5.0 (Windows NT 10.0; Win64; x64; rv:99.0) Gecko/20100101 Firefox/99.0"
69.206.188.143 - - [29/Apr/2022:12:57:05 +0000] "GET /static/css/style.css HTTP/1.1" 304 0 "https://www.thelostarchive.cf/" "Mozilla/5.0 (Windows NT 10.0; Win64; x64; rv:99.0) Gecko/20100101 Firefox/99.0"
208.115.199.26 - - [29/Apr/2022:12:57:18 +0000] "GET / HTTP/1.1" 200 3382 "https://thelostarchive.cf" "Mozilla/5.0+(compatible; UptimeRobot/2.0; http://www.uptimerobot.com/)"
69.206.188.143 - - [29/Apr/2022:12:58:09 +0000] "GET /contact HTTP/1.1" 200 3835 "https://www.thelostarchive.cf/" "Mozilla/5.0 (Windows NT 10.0; Win64; x64; rv:99.0) Gecko/20100101 Firefox/99.0"
69.206.188.143 - - [29/Apr/2022:12:58:09 +0000] "GET /static/css/style.css HTTP/1.1" 304 0 "https://www.thelostarchive.cf/contact" "Mozilla/5.0 (Windows NT 10.0; Win64; x64; rv:99.0) Gecko/20100101 Firefox/99.0"
69.206.188.143 - - [29/Apr/2022:12:58:12 +0000] "POST /email HTTP/1.1" 200 28 "https://www.thelostarchive.cf/contact" "Mozilla/5.0 (Windows NT 10.0; Win64; x64; rv:99.0) Gecko/20100101 Firefox/99.0"
69.206.188.143 - - [29/Apr/2022:12:58:12 +0000] "GET /favicon.ico HTTP/1.1" 404 2568 "https://www.thelostarchive.cf/email" "Mozilla/5.0 (Windows NT 10.0; Win64; x64; rv:99.0) Gecko/20100101 Firefox/99.0"
69.206.188.143 - - [29/Apr/2022:12:58:25 +0000] "GET /sponsors HTTP/1.1" 200 2746 "https://www.thelostarchive.cf/contact" "Mozilla/5.0 (Windows NT 10.0; Win64; x64; rv:99.0) Gecko/20100101 Firefox/99.0"
69.206.188.143 - - [29/Apr/2022:12:58:25 +0000] "GET /static/css/style.css HTTP/1.1" 304 0 "https://www.thelostarchive.cf/sponsors" "Mozilla/5.0 (Windows NT 10.0; Win64; x64; rv:99.0) Gecko/20100101 Firefox/99.0"
69.206.188.143 - - [29/Apr/2022:12:58:32 +0000] "GET / HTTP/1.1" 200 3382 "https://www.thelostarchive.cf/sponsors" "Mozilla/5.0 (Windows NT 10.0; Win64; x64; rv:99.0) Gecko/20100101 Firefox/99.0"
69.206.188.143 - - [29/Apr/2022:12:58:32 +0000] "GET /static/css/style.css HTTP/1.1" 304 0 "https://www.thelostarchive.cf/" "Mozilla/5.0 (Windows NT 10.0; Win64; x64; rv:99.0) Gecko/20100101 Firefox/99.0"
208.115.199.26 - - [29/Apr/2022:13:02:17 +0000] "HEAD / HTTP/1.1" 200 0 "https://thelostarchive.cf" "Mozilla/5.0+(compatible; UptimeRobot/2.0; http://www.uptimerobot.com/)"
208.115.199.26 - - [29/Apr/2022:13:07:17 +0000] "HEAD / HTTP/1.1" 200 0 "https://thelostarchive.cf" "Mozilla/5.0+(compatible; UptimeRobot/2.0; http://www.uptimerobot.com/)"
208.115.199.26 - - [29/Apr/2022:13:12:17 +0000] "HEAD / HTTP/1.1" 200 0 "https://thelostarchive.cf" "Mozilla/5.0+(compatible; UptimeRobot/2.0; http://www.uptimerobot.com/)"
213.226.123.30 - - [29/Apr/2022:13:12:58 +0000] "GET /index.php?s=/Index/\think\app/invokefunction&function=call_user_func_array&vars[0]=md5&vars[1][]=HelloThinkPHP21 HTTP/1.1" 404 2568 "-" "Mozilla/5.0 (Windows NT 10.0; Win64; x64) AppleWebKit/537.36 (KHTML, like Gecko) Chrome/78.0.3904.108 Safari/537.36"
208.115.199.26 - - [29/Apr/2022:13:17:17 +0000] "HEAD / HTTP/1.1" 200 0 "https://thelostarchive.cf" "Mozilla/5.0+(compatible; UptimeRobot/2.0; http://www.uptimerobot.com/)"
66.249.73.27 - - [29/Apr/2022:13:18:41 +0000] "GET /person/kencasamento HTTP/1.1" 200 2669 "-" "Mozilla/5.0 (Linux; Android 6.0.1; Nexus 5X Build/MMB29P) AppleWebKit/537.36 (KHTML, like Gecko) Chrome/100.0.4896.127 Mobile Safari/537.36 (compatible; Googlebot/2.1; +http://www.google.com/bot.html)"
66.249.73.28 - - [29/Apr/2022:13:20:08 +0000] "GET /static/css/style.css HTTP/1.1" 200 6894 "https://ivando.com/people" "Mozilla/5.0 (Linux; Android 6.0.1; Nexus 5X Build/MMB29P) AppleWebKit/537.36 (KHTML, like Gecko) Chrome/100.0.4896.127 Mobile Safari/537.36 (compatible; Googlebot/2.1; +http://www.google.com/bot.html)"
208.115.199.26 - - [29/Apr/2022:13:22:17 +0000] "HEAD / HTTP/1.1" 200 0 "https://thelostarchive.cf" "Mozilla/5.0+(compatible; UptimeRobot/2.0; http://www.uptimerobot.com/)"
208.115.199.26 - - [29/Apr/2022:13:27:17 +0000] "HEAD / HTTP/1.1" 200 0 "https://thelostarchive.cf" "Mozilla/5.0+(compatible; UptimeRobot/2.0; http://www.uptimerobot.com/)"
69.206.188.143 - - [29/Apr/2022:13:31:22 +0000] "GET / HTTP/1.1" 200 3382 "-" "Mozilla/5.0 (iPhone; CPU iPhone OS 15_1 like Mac OS X) AppleWebKit/605.1.15 (KHTML, like Gecko) Version/15.1 Mobile/15E148 Safari/604.1"
69.206.188.143 - - [29/Apr/2022:13:31:22 +0000] "GET /static/css/style.css HTTP/1.1" 200 6894 "https://thelostarchive.cf/" "Mozilla/5.0 (iPhone; CPU iPhone OS 15_1 like Mac OS X) AppleWebKit/605.1.15 (KHTML, like Gecko) Version/15.1 Mobile/15E148 Safari/604.1"
213.226.123.30 - - [29/Apr/2022:13:31:24 +0000] "GET /actuator/gateway/routes HTTP/1.1" 404 2568 "-" "Mozilla/5.0 (Windows NT 10.0; Win64; x64) AppleWebKit/537.36 (KHTML, like Gecko) Chrome/78.0.3904.108 Safari/537.36"
69.206.188.143 - - [29/Apr/2022:13:31:27 +0000] "GET /people HTTP/1.1" 200 4585 "https://thelostarchive.cf/" "Mozilla/5.0 (iPhone; CPU iPhone OS 15_1 like Mac OS X) AppleWebKit/605.1.15 (KHTML, like Gecko) Version/15.1 Mobile/15E148 Safari/604.1"
69.206.188.143 - - [29/Apr/2022:13:31:28 +0000] "GET /static/css/style.css HTTP/1.1" 304 0 "https://thelostarchive.cf/people" "Mozilla/5.0 (iPhone; CPU iPhone OS 15_1 like Mac OS X) AppleWebKit/605.1.15 (KHTML, like Gecko) Version/15.1 Mobile/15E148 Safari/604.1"
69.206.188.143 - - [29/Apr/2022:13:31:33 +0000] "GET /person/brycecasamento HTTP/1.1" 200 3157 "https://thelostarchive.cf/people" "Mozilla/5.0 (iPhone; CPU iPhone OS 15_1 like Mac OS X) AppleWebKit/605.1.15 (KHTML, like Gecko) Version/15.1 Mobile/15E148 Safari/604.1"
69.206.188.143 - - [29/Apr/2022:13:31:34 +0000] "GET /static/css/style.css HTTP/1.1" 304 0 "https://thelostarchive.cf/person/brycecasamento" "Mozilla/5.0 (iPhone; CPU iPhone OS 15_1 like Mac OS X) AppleWebKit/605.1.15 (KHTML, like Gecko) Version/15.1 Mobile/15E148 Safari/604.1"
208.115.199.26 - - [29/Apr/2022:13:32:17 +0000] "HEAD / HTTP/1.1" 200 0 "https://thelostarchive.cf" "Mozilla/5.0+(compatible; UptimeRobot/2.0; http://www.uptimerobot.com/)"
69.206.188.143 - - [29/Apr/2022:13:32:48 +0000] "GET /bts HTTP/1.1" 200 3028 "https://thelostarchive.cf/person/brycecasamento" "Mozilla/5.0 (iPhone; CPU iPhone OS 15_1 like Mac OS X) AppleWebKit/605.1.15 (KHTML, like Gecko) Version/15.1 Mobile/15E148 Safari/604.1"
69.206.188.143 - - [29/Apr/2022:13:32:48 +0000] "GET /static/css/style.css HTTP/1.1" 304 0 "https://thelostarchive.cf/bts" "Mozilla/5.0 (iPhone; CPU iPhone OS 15_1 like Mac OS X) AppleWebKit/605.1.15 (KHTML, like Gecko) Version/15.1 Mobile/15E148 Safari/604.1"
208.115.199.26 - - [29/Apr/2022:13:37:17 +0000] "HEAD / HTTP/1.1" 200 0 "https://thelostarchive.cf" "Mozilla/5.0+(compatible; UptimeRobot/2.0; http://www.uptimerobot.com/)"
208.115.199.26 - - [29/Apr/2022:13:42:17 +0000] "HEAD / HTTP/1.1" 200 0 "https://thelostarchive.cf" "Mozilla/5.0+(compatible; UptimeRobot/2.0; http://www.uptimerobot.com/)"
208.115.199.26 - - [29/Apr/2022:13:47:17 +0000] "HEAD / HTTP/1.1" 200 0 "https://thelostarchive.cf" "Mozilla/5.0+(compatible; UptimeRobot/2.0; http://www.uptimerobot.com/)"
208.115.199.26 - - [29/Apr/2022:13:52:17 +0000] "HEAD / HTTP/1.1" 200 0 "https://thelostarchive.cf" "Mozilla/5.0+(compatible; UptimeRobot/2.0; http://www.uptimerobot.com/)"
208.115.199.26 - - [29/Apr/2022:13:57:17 +0000] "HEAD / HTTP/1.1" 200 0 "https://thelostarchive.cf" "Mozilla/5.0+(compatible; UptimeRobot/2.0; http://www.uptimerobot.com/)"
208.115.199.26 - - [29/Apr/2022:14:02:17 +0000] "HEAD / HTTP/1.1" 200 0 "https://thelostarchive.cf" "Mozilla/5.0+(compatible; UptimeRobot/2.0; http://www.uptimerobot.com/)"
208.115.199.26 - - [29/Apr/2022:14:07:17 +0000] "HEAD / HTTP/1.1" 200 0 "https://thelostarchive.cf" "Mozilla/5.0+(compatible; UptimeRobot/2.0; http://www.uptimerobot.com/)"
208.115.199.26 - - [29/Apr/2022:14:12:17 +0000] "HEAD / HTTP/1.1" 200 0 "https://thelostarchive.cf" "Mozilla/5.0+(compatible; UptimeRobot/2.0; http://www.uptimerobot.com/)"
